utils/image.ts(1,16): error TS2307: Cannot find module 'opencv.js' or its corresponding type declarations.
